../Core/Src/main.c:719:14:gyro	64	static
../Core/Src/main.c:730:14:mag	56	static
../Core/Src/main.c:169:6:LED_DISPLAY	64	static
../Core/Src/main.c:215:6:HAL_GPIO_EXTI_Callback	8	static
../Core/Src/main.c:273:6:Telemetry_Standby	192	static
../Core/Src/main.c:359:6:Telemetry_Battle	264	static
../Core/Src/main.c:475:5:Activate_EE2028	16	static
../Core/Src/main.c:485:6:Lasergun	88	static
../Core/Src/main.c:565:6:Command_Center	40	static
../Core/Src/main.c:235:5:main	216	static,ignoring_inline_asm
../Core/Src/main.c:785:6:Error_Handler	0	static,ignoring_inline_asm
