../Core/Src/main.c:172:6:LED_DISPLAY	184	static
../Core/Src/main.c:218:6:HAL_GPIO_EXTI_Callback	24	static
../Core/Src/main.c:238:5:main	8	static
../Core/Src/main.c:270:6:Telemetry_Standby	184	static
../Core/Src/main.c:356:6:Telemetry_Battle	256	static
../Core/Src/main.c:472:5:Activate_EE2028	16	static
../Core/Src/main.c:482:6:Lasergun	80	static
../Core/Src/main.c:501:13:Standby_Mode	56	static
../Core/Src/main.c:528:13:Battle_Mode	56	static
../Core/Src/main.c:562:6:Command_Center	40	static
../Core/Src/main.c:568:12:Last_of_EE2028	120	static
../Core/Src/main.c:611:13:MX_GPIO_Init	40	static
../Core/Src/main.c:643:13:Buzzer_Init	32	static
../Core/Src/main.c:655:13:MX_I2C1_Init	40	static
../Core/Src/main.c:698:14:accel	32	static
../Core/Src/main.c:709:14:temp	8	static
../Core/Src/main.c:716:14:gyro	32	static
../Core/Src/main.c:727:14:mag	40	static
../Core/Src/main.c:739:14:pres	8	static
../Core/Src/main.c:745:14:humid	8	static
../Core/Src/main.c:751:13:UART1_Init	32	static
../Core/Src/main.c:782:6:Error_Handler	4	static,ignoring_inline_asm
